// Vitest Snapshot v1, https://vitest.dev/guide/snapshot.html

exports[`Ping > should return a ping 1`] = `"pong"`;
