// Vitest Snapshot v1

exports[`Quote > should return a quote 1`] = `
{
  "allowed_packaging": "any",
  "eta": {
    "date_range": ArrayContaining [
      Any<String>,
    ],
    "days_range": ArrayContaining [
      Any<Number>,
    ],
    "for_pickup_date": Any<String>,
  },
  "plan_name": Any<String>,
  "price_breakdown": {
    "base": {
      "amount": Any<Number>,
      "currency": "AUD",
    },
    "base_tax": {
      "amount": Any<Number>,
      "currency": "AUD",
    },
    "cover": {
      "amount": 0,
      "currency": "AUD",
    },
    "cover_tax": {
      "amount": 0,
      "currency": "AUD",
    },
    "discount": {
      "amount": 0,
      "currency": "AUD",
    },
    "discount_tax": {
      "amount": 0,
      "currency": "AUD",
    },
    "fuel_surcharge": {
      "amount": Any<Number>,
      "currency": "AUD",
    },
    "fuel_surcharge_tax": {
      "amount": Any<Number>,
      "currency": "AUD",
    },
  },
  "quote": {
    "gross": {
      "amount": Any<Number>,
      "currency": "AUD",
    },
    "net": {
      "amount": Any<Number>,
      "currency": "AUD",
    },
    "tax": {
      "amount": Any<Number>,
      "currency": "AUD",
    },
  },
  "route": {
    "description": "Sydney, Australia to Sydney, Australia",
    "type": "same-city",
  },
  "tax_breakdown": {
    "gst": {
      "amount": Any<Number>,
      "currency": "AUD",
      "rate": 0.1,
    },
  },
}
`;
